installing: topicmodels
Installing package into ‘/home/tommy/R/x86_64-pc-linux-gnu-library/4.6’
(as ‘lib’ is unspecified)
trying URL 'https://cloud.r-project.org/src/contrib/topicmodels_0.2-17.tar.gz'
Content type 'application/x-gzip' length 779865 bytes (761 KB)
==================================================
downloaded 761 KB

* installing *source* package ‘topicmodels’ ...
** this is package ‘topicmodels’ version ‘0.2-17’
** package ‘topicmodels’ successfully unpacked and MD5 sums checked
** using staged installation
** libs
using C compiler: ‘x86_64-linux-gnu-gcc (Ubuntu 13.3.0-6ubuntu2~24.04.1) 13.3.0’
using C++ compiler: ‘x86_64-linux-gnu-g++ (Ubuntu 13.3.0-6ubuntu2~24.04.1) 13.3.0’
x86_64-linux-gnu-gcc -std=gnu2x -I"/usr/share/R/include" -DNDEBUG   -I/home/tommy/opt/gsl/include    -fpic  -g -O2 -fno-omit-frame-pointer -mno-omit-leaf-frame-pointer -ffile-prefix-map=/build/r-base-JCUh2C/r-base-4.6.0=. -fstack-protector-strong -fstack-clash-protection -Wformat -Werror=format-security -fcf-protection -fdebug-prefix-map=/build/r-base-JCUh2C/r-base-4.6.0=/usr/src/r-base-4.6.0-4.2404.0 -Wdate-time -D_FORTIFY_SOURCE=3  -c cokus.c -o cokus.o
x86_64-linux-gnu-gcc -std=gnu2x -I"/usr/share/R/include" -DNDEBUG   -I/home/tommy/opt/gsl/include    -fpic  -g -O2 -fno-omit-frame-pointer -mno-omit-leaf-frame-pointer -ffile-prefix-map=/build/r-base-JCUh2C/r-base-4.6.0=. -fstack-protector-strong -fstack-clash-protection -Wformat -Werror=format-security -fcf-protection -fdebug-prefix-map=/build/r-base-JCUh2C/r-base-4.6.0=/usr/src/r-base-4.6.0-4.2404.0 -Wdate-time -D_FORTIFY_SOURCE=3  -c common.c -o common.o
x86_64-linux-gnu-gcc -std=gnu2x -I"/usr/share/R/include" -DNDEBUG   -I/home/tommy/opt/gsl/include    -fpic  -g -O2 -fno-omit-frame-pointer -mno-omit-leaf-frame-pointer -ffile-prefix-map=/build/r-base-JCUh2C/r-base-4.6.0=. -fstack-protector-strong -fstack-clash-protection -Wformat -Werror=format-security -fcf-protection -fdebug-prefix-map=/build/r-base-JCUh2C/r-base-4.6.0=/usr/src/r-base-4.6.0-4.2404.0 -Wdate-time -D_FORTIFY_SOURCE=3  -c ctm.c -o ctm.o
x86_64-linux-gnu-g++ -std=gnu++20 -I"/usr/share/R/include" -DNDEBUG   -I/home/tommy/opt/gsl/include    -fpic  -g -O2 -fno-omit-frame-pointer -mno-omit-leaf-frame-pointer -ffile-prefix-map=/build/r-base-JCUh2C/r-base-4.6.0=. -fstack-protector-strong -fstack-clash-protection -Wformat -Werror=format-security -fcf-protection -fdebug-prefix-map=/build/r-base-JCUh2C/r-base-4.6.0=/usr/src/r-base-4.6.0-4.2404.0 -Wdate-time -D_FORTIFY_SOURCE=3   -c dataset.cpp -o dataset.o
x86_64-linux-gnu-gcc -std=gnu2x -I"/usr/share/R/include" -DNDEBUG   -I/home/tommy/opt/gsl/include    -fpic  -g -O2 -fno-omit-frame-pointer -mno-omit-leaf-frame-pointer -ffile-prefix-map=/build/r-base-JCUh2C/r-base-4.6.0=. -fstack-protector-strong -fstack-clash-protection -Wformat -Werror=format-security -fcf-protection -fdebug-prefix-map=/build/r-base-JCUh2C/r-base-4.6.0=/usr/src/r-base-4.6.0-4.2404.0 -Wdate-time -D_FORTIFY_SOURCE=3  -c gsl-wrappers.c -o gsl-wrappers.o
x86_64-linux-gnu-gcc -std=gnu2x -I"/usr/share/R/include" -DNDEBUG   -I/home/tommy/opt/gsl/include    -fpic  -g -O2 -fno-omit-frame-pointer -mno-omit-leaf-frame-pointer -ffile-prefix-map=/build/r-base-JCUh2C/r-base-4.6.0=. -fstack-protector-strong -fstack-clash-protection -Wformat -Werror=format-security -fcf-protection -fdebug-prefix-map=/build/r-base-JCUh2C/r-base-4.6.0=/usr/src/r-base-4.6.0-4.2404.0 -Wdate-time -D_FORTIFY_SOURCE=3  -c inference.c -o inference.o
x86_64-linux-gnu-gcc -std=gnu2x -I"/usr/share/R/include" -DNDEBUG   -I/home/tommy/opt/gsl/include    -fpic  -g -O2 -fno-omit-frame-pointer -mno-omit-leaf-frame-pointer -ffile-prefix-map=/build/r-base-JCUh2C/r-base-4.6.0=. -fstack-protector-strong -fstack-clash-protection -Wformat -Werror=format-security -fcf-protection -fdebug-prefix-map=/build/r-base-JCUh2C/r-base-4.6.0=/usr/src/r-base-4.6.0-4.2404.0 -Wdate-time -D_FORTIFY_SOURCE=3  -c init.c -o init.o
x86_64-linux-gnu-gcc -std=gnu2x -I"/usr/share/R/include" -DNDEBUG   -I/home/tommy/opt/gsl/include    -fpic  -g -O2 -fno-omit-frame-pointer -mno-omit-leaf-frame-pointer -ffile-prefix-map=/build/r-base-JCUh2C/r-base-4.6.0=. -fstack-protector-strong -fstack-clash-protection -Wformat -Werror=format-security -fcf-protection -fdebug-prefix-map=/build/r-base-JCUh2C/r-base-4.6.0=/usr/src/r-base-4.6.0-4.2404.0 -Wdate-time -D_FORTIFY_SOURCE=3  -c lda-alpha.c -o lda-alpha.o
x86_64-linux-gnu-gcc -std=gnu2x -I"/usr/share/R/include" -DNDEBUG   -I/home/tommy/opt/gsl/include    -fpic  -g -O2 -fno-omit-frame-pointer -mno-omit-leaf-frame-pointer -ffile-prefix-map=/build/r-base-JCUh2C/r-base-4.6.0=. -fstack-protector-strong -fstack-clash-protection -Wformat -Werror=format-security -fcf-protection -fdebug-prefix-map=/build/r-base-JCUh2C/r-base-4.6.0=/usr/src/r-base-4.6.0-4.2404.0 -Wdate-time -D_FORTIFY_SOURCE=3  -c lda-inference.c -o lda-inference.o
x86_64-linux-gnu-gcc -std=gnu2x -I"/usr/share/R/include" -DNDEBUG   -I/home/tommy/opt/gsl/include    -fpic  -g -O2 -fno-omit-frame-pointer -mno-omit-leaf-frame-pointer -ffile-prefix-map=/build/r-base-JCUh2C/r-base-4.6.0=. -fstack-protector-strong -fstack-clash-protection -Wformat -Werror=format-security -fcf-protection -fdebug-prefix-map=/build/r-base-JCUh2C/r-base-4.6.0=/usr/src/r-base-4.6.0-4.2404.0 -Wdate-time -D_FORTIFY_SOURCE=3  -c lda-model.c -o lda-model.o
x86_64-linux-gnu-g++ -std=gnu++20 -I"/usr/share/R/include" -DNDEBUG   -I/home/tommy/opt/gsl/include    -fpic  -g -O2 -fno-omit-frame-pointer -mno-omit-leaf-frame-pointer -ffile-prefix-map=/build/r-base-JCUh2C/r-base-4.6.0=. -fstack-protector-strong -fstack-clash-protection -Wformat -Werror=format-security -fcf-protection -fdebug-prefix-map=/build/r-base-JCUh2C/r-base-4.6.0=/usr/src/r-base-4.6.0-4.2404.0 -Wdate-time -D_FORTIFY_SOURCE=3   -c model.cpp -o model.o
x86_64-linux-gnu-g++ -std=gnu++20 -I"/usr/share/R/include" -DNDEBUG   -I/home/tommy/opt/gsl/include    -fpic  -g -O2 -fno-omit-frame-pointer -mno-omit-leaf-frame-pointer -ffile-prefix-map=/build/r-base-JCUh2C/r-base-4.6.0=. -fstack-protector-strong -fstack-clash-protection -Wformat -Werror=format-security -fcf-protection -fdebug-prefix-map=/build/r-base-JCUh2C/r-base-4.6.0=/usr/src/r-base-4.6.0-4.2404.0 -Wdate-time -D_FORTIFY_SOURCE=3   -c rGibbslda.cpp -o rGibbslda.o
x86_64-linux-gnu-gcc -std=gnu2x -I"/usr/share/R/include" -DNDEBUG   -I/home/tommy/opt/gsl/include    -fpic  -g -O2 -fno-omit-frame-pointer -mno-omit-leaf-frame-pointer -ffile-prefix-map=/build/r-base-JCUh2C/r-base-4.6.0=. -fstack-protector-strong -fstack-clash-protection -Wformat -Werror=format-security -fcf-protection -fdebug-prefix-map=/build/r-base-JCUh2C/r-base-4.6.0=/usr/src/r-base-4.6.0-4.2404.0 -Wdate-time -D_FORTIFY_SOURCE=3  -c rctm.c -o rctm.o
x86_64-linux-gnu-gcc -std=gnu2x -I"/usr/share/R/include" -DNDEBUG   -I/home/tommy/opt/gsl/include    -fpic  -g -O2 -fno-omit-frame-pointer -mno-omit-leaf-frame-pointer -ffile-prefix-map=/build/r-base-JCUh2C/r-base-4.6.0=. -fstack-protector-strong -fstack-clash-protection -Wformat -Werror=format-security -fcf-protection -fdebug-prefix-map=/build/r-base-JCUh2C/r-base-4.6.0=/usr/src/r-base-4.6.0-4.2404.0 -Wdate-time -D_FORTIFY_SOURCE=3  -c rlda.c -o rlda.o
x86_64-linux-gnu-g++ -std=gnu++20 -I"/usr/share/R/include" -DNDEBUG   -I/home/tommy/opt/gsl/include    -fpic  -g -O2 -fno-omit-frame-pointer -mno-omit-leaf-frame-pointer -ffile-prefix-map=/build/r-base-JCUh2C/r-base-4.6.0=. -fstack-protector-strong -fstack-clash-protection -Wformat -Werror=format-security -fcf-protection -fdebug-prefix-map=/build/r-base-JCUh2C/r-base-4.6.0=/usr/src/r-base-4.6.0-4.2404.0 -Wdate-time -D_FORTIFY_SOURCE=3   -c utilities.cpp -o utilities.o
x86_64-linux-gnu-gcc -std=gnu2x -I"/usr/share/R/include" -DNDEBUG   -I/home/tommy/opt/gsl/include    -fpic  -g -O2 -fno-omit-frame-pointer -mno-omit-leaf-frame-pointer -ffile-prefix-map=/build/r-base-JCUh2C/r-base-4.6.0=. -fstack-protector-strong -fstack-clash-protection -Wformat -Werror=format-security -fcf-protection -fdebug-prefix-map=/build/r-base-JCUh2C/r-base-4.6.0=/usr/src/r-base-4.6.0-4.2404.0 -Wdate-time -D_FORTIFY_SOURCE=3  -c utils.c -o utils.o
x86_64-linux-gnu-g++ -std=gnu++20 -shared -L/usr/lib/R/lib -Wl,-Bsymbolic-functions -flto=auto -ffat-lto-objects -Wl,-z,relro -L/home/tommy/opt/gsl/lib -Wl,-rpath,/home/tommy/opt/gsl/lib -o topicmodels.so cokus.o common.o ctm.o dataset.o gsl-wrappers.o inference.o init.o lda-alpha.o lda-inference.o lda-model.o model.o rGibbslda.o rctm.o rlda.o utilities.o utils.o -lgsl -lgslcblas -L/usr/lib/R/lib -lR
installing to /home/tommy/R/x86_64-pc-linux-gnu-library/4.6/00LOCK-topicmodels/00new/topicmodels/libs
** R
** data
** inst
** byte-compile and prepare package for lazy loading
** help
*** installing help indices
** building package indices
** installing vignettes
** testing if installed package can be loaded from temporary location
** checking absolute paths in shared objects and dynamic libraries
** testing if installed package can be loaded from final location
** testing if installed package keeps a record of temporary installation path
* DONE (topicmodels)

The downloaded source packages are in
	‘/tmp/Rtmp45QL42/downloaded_packages’
installing tidylda from source: /home/tommy/tidylda
Installing package into ‘/home/tommy/R/x86_64-pc-linux-gnu-library/4.6’
(as ‘lib’ is unspecified)
* installing *source* package ‘tidylda’ ...
** this is package ‘tidylda’ version ‘0.1.0’
** using staged installation
** libs
using C compiler: ‘x86_64-linux-gnu-gcc (Ubuntu 13.3.0-6ubuntu2~24.04.1) 13.3.0’
using C++ compiler: ‘x86_64-linux-gnu-g++ (Ubuntu 13.3.0-6ubuntu2~24.04.1) 13.3.0’
make: Nothing to be done for 'all'.
installing to /home/tommy/R/x86_64-pc-linux-gnu-library/4.6/00LOCK-tidylda/00new/tidylda/libs
** R
** data
*** moving datasets to lazyload DB
** inst
** byte-compile and prepare package for lazy loading
** help
*** installing help indices
*** copying figures
** building package indices
** installing vignettes
** testing if installed package can be loaded from temporary location
** checking absolute paths in shared objects and dynamic libraries
** testing if installed package can be loaded from final location
** testing if installed package keeps a record of temporary installation path
* DONE (tidylda)
R deps OK
