scored gensim__20ng__k100__i1__t1__r1: r2=0.4218 coherence=0.0998
scored gensim__20ng__k100__i10__t1__r1: r2=0.4720 coherence=0.1091
scored gensim__20ng__k100__i10__t12__r1: r2=0.4891 coherence=0.1468
scored gensim__20ng__k100__i10__t2__r1: r2=0.5099 coherence=0.1277
scored gensim__20ng__k100__i10__t4__r1: r2=0.5003 coherence=0.1325
scored gensim__20ng__k100__i10__t8__r1: r2=0.4048 coherence=0.1382
scored gensim__20ng__k100__i2__t1__r1: r2=0.4555 coherence=0.1046
scored gensim__20ng__k100__i25__t1__r1: r2=0.4813 coherence=0.1077
scored gensim__20ng__k100__i5__t1__r1: r2=0.4695 coherence=0.1041
scored gensim__ap__k100__i1__t1__r1: r2=0.0822 coherence=0.0894
scored gensim__ap__k100__i1__t1__r2: r2=0.0802 coherence=0.0944
scored gensim__ap__k100__i1__t1__r3: r2=0.0771 coherence=0.0976
scored gensim__ap__k100__i10__t1__r1: r2=0.1498 coherence=0.1048
scored gensim__ap__k100__i10__t1__r2: r2=0.1525 coherence=0.1168
scored gensim__ap__k100__i10__t1__r3: r2=0.1379 coherence=0.1192
scored gensim__ap__k100__i10__t12__r1: r2=0.1498 coherence=0.1099
scored gensim__ap__k100__i10__t12__r2: r2=0.1465 coherence=0.1104
scored gensim__ap__k100__i10__t12__r3: r2=0.1417 coherence=0.1050
scored gensim__ap__k100__i10__t2__r1: r2=0.1499 coherence=0.1097
scored gensim__ap__k100__i10__t2__r2: r2=0.1464 coherence=0.1093
scored gensim__ap__k100__i10__t2__r3: r2=0.1418 coherence=0.1056
scored gensim__ap__k100__i10__t4__r1: r2=0.1498 coherence=0.1112
scored gensim__ap__k100__i10__t4__r2: r2=0.1465 coherence=0.1090
scored gensim__ap__k100__i10__t4__r3: r2=0.1418 coherence=0.1048
scored gensim__ap__k100__i10__t8__r1: r2=0.1498 coherence=0.1099
scored gensim__ap__k100__i10__t8__r2: r2=0.1465 coherence=0.1098
scored gensim__ap__k100__i10__t8__r3: r2=0.1418 coherence=0.1047
scored gensim__ap__k100__i2__t1__r1: r2=0.1134 coherence=0.0983
scored gensim__ap__k100__i2__t1__r2: r2=0.1114 coherence=0.0992
scored gensim__ap__k100__i2__t1__r3: r2=0.1056 coherence=0.1119
scored gensim__ap__k100__i25__t1__r1: r2=0.1562 coherence=0.1107
scored gensim__ap__k100__i25__t1__r2: r2=0.1585 coherence=0.1210
scored gensim__ap__k100__i25__t1__r3: r2=0.1426 coherence=0.1176
scored gensim__ap__k100__i5__t1__r1: r2=0.1410 coherence=0.1041
scored gensim__ap__k100__i5__t1__r2: r2=0.1417 coherence=0.1199
scored gensim__ap__k100__i5__t1__r3: r2=0.1297 coherence=0.1121
scored gensim__ap__k200__i10__t1__r1: r2=0.1650 coherence=0.1104
scored gensim__ap__k25__i10__t1__r1: r2=0.0963 coherence=0.1346
scored gensim__ap__k50__i10__t1__r1: r2=0.1270 coherence=0.1325
scored lda__20ng__k100__i100__t1__r1: r2=0.4946 coherence=0.1460
scored lda__20ng__k100__i20__t1__r1: r2=0.4573 coherence=0.1322
scored lda__20ng__k100__i200__t1__r1: r2=0.5009 coherence=0.1490
scored lda__20ng__k100__i50__t1__r1: r2=0.4796 coherence=0.1449
scored lda__20ng__k100__i500__t1__r1: r2=0.5027 coherence=0.1504
scored lda__ap__k100__i100__t1__r1: r2=0.2066 coherence=0.1521
scored lda__ap__k100__i100__t1__r2: r2=0.2057 coherence=0.1538
scored lda__ap__k100__i100__t1__r3: r2=0.2066 coherence=0.1532
scored lda__ap__k100__i20__t1__r1: r2=0.1501 coherence=0.1136
scored lda__ap__k100__i20__t1__r2: r2=0.1487 coherence=0.1076
scored lda__ap__k100__i20__t1__r3: r2=0.1453 coherence=0.1133
scored lda__ap__k100__i200__t1__r1: r2=0.2112 coherence=0.1622
scored lda__ap__k100__i200__t1__r2: r2=0.2133 coherence=0.1578
scored lda__ap__k100__i200__t1__r3: r2=0.2124 coherence=0.1660
scored lda__ap__k100__i50__t1__r1: r2=0.1942 coherence=0.1364
scored lda__ap__k100__i50__t1__r2: r2=0.1907 coherence=0.1363
scored lda__ap__k100__i50__t1__r3: r2=0.1930 coherence=0.1409
scored lda__ap__k100__i500__t1__r1: r2=0.2151 coherence=0.1643
scored lda__ap__k100__i500__t1__r2: r2=0.2183 coherence=0.1628
scored lda__ap__k100__i500__t1__r3: r2=0.2155 coherence=0.1694
scored lda__ap__k200__i200__t1__r1: r2=0.2466 coherence=0.1495
scored lda__ap__k25__i200__t1__r1: r2=0.1306 coherence=0.1801
scored lda__ap__k50__i200__t1__r1: r2=0.1702 coherence=0.1725
scored mallet__20ng__k100__i100__t1__r1: r2=0.5384 coherence=0.1541
scored mallet__20ng__k100__i20__t1__r1: r2=0.5240 coherence=0.1461
scored mallet__20ng__k100__i200__t1__r1: r2=0.5403 coherence=0.1551
scored mallet__20ng__k100__i200__t12__r1: r2=0.5605 coherence=0.1689
scored mallet__20ng__k100__i200__t2__r1: r2=0.5521 coherence=0.1547
scored mallet__20ng__k100__i200__t4__r1: r2=0.5348 coherence=0.1574
scored mallet__20ng__k100__i200__t8__r1: r2=0.5690 coherence=0.1700
scored mallet__20ng__k100__i50__t1__r1: r2=0.5376 coherence=0.1541
scored mallet__20ng__k100__i500__t1__r1: r2=0.5444 coherence=0.1572
scored mallet__ap__k100__i100__t1__r1: r2=0.2279 coherence=0.1552
scored mallet__ap__k100__i100__t1__r2: r2=0.2278 coherence=0.1617
scored mallet__ap__k100__i100__t1__r3: r2=0.2311 coherence=0.1622
scored mallet__ap__k100__i20__t1__r1: r2=0.1807 coherence=0.1267
scored mallet__ap__k100__i20__t1__r2: r2=0.1826 coherence=0.1347
scored mallet__ap__k100__i20__t1__r3: r2=0.1850 coherence=0.1314
scored mallet__ap__k100__i200__t1__r1: r2=0.2309 coherence=0.1519
scored mallet__ap__k100__i200__t1__r2: r2=0.2300 coherence=0.1588
scored mallet__ap__k100__i200__t1__r3: r2=0.2341 coherence=0.1693
scored mallet__ap__k100__i200__t12__r1: r2=0.2345 coherence=0.1656
scored mallet__ap__k100__i200__t12__r2: r2=0.2324 coherence=0.1655
scored mallet__ap__k100__i200__t12__r3: r2=0.2311 coherence=0.1696
scored mallet__ap__k100__i200__t2__r1: r2=0.2340 coherence=0.1612
scored mallet__ap__k100__i200__t2__r2: r2=0.2318 coherence=0.1677
scored mallet__ap__k100__i200__t2__r3: r2=0.2343 coherence=0.1649
scored mallet__ap__k100__i200__t4__r1: r2=0.2384 coherence=0.1656
scored mallet__ap__k100__i200__t4__r2: r2=0.2324 coherence=0.1661
scored mallet__ap__k100__i200__t4__r3: r2=0.2306 coherence=0.1617
scored mallet__ap__k100__i200__t8__r1: r2=0.2366 coherence=0.1707
scored mallet__ap__k100__i200__t8__r2: r2=0.2356 coherence=0.1596
scored mallet__ap__k100__i200__t8__r3: r2=0.2306 coherence=0.1700
scored mallet__ap__k100__i50__t1__r1: r2=0.2186 coherence=0.1451
scored mallet__ap__k100__i50__t1__r2: r2=0.2205 coherence=0.1543
scored mallet__ap__k100__i50__t1__r3: r2=0.2227 coherence=0.1579
scored mallet__ap__k100__i500__t1__r1: r2=0.2375 coherence=0.1650
scored mallet__ap__k100__i500__t1__r2: r2=0.2350 coherence=0.1651
scored mallet__ap__k100__i500__t1__r3: r2=0.2365 coherence=0.1658
scored mallet__ap__k200__i200__t1__r1: r2=0.2854 coherence=0.1546
scored mallet__ap__k25__i200__t1__r1: r2=0.1334 coherence=0.1573
scored mallet__ap__k50__i200__t1__r1: r2=0.1779 coherence=0.1669
scored sklearn__20ng__k100__i1__t1__r1: r2=0.1786 coherence=0.1033
scored sklearn__20ng__k100__i10__t1__r1: r2=0.5359 coherence=0.1263
scored sklearn__20ng__k100__i10__t12__r1: r2=0.5161 coherence=0.1270
scored sklearn__20ng__k100__i10__t2__r1: r2=0.5302 coherence=0.1317
scored sklearn__20ng__k100__i10__t4__r1: r2=0.5230 coherence=0.1370
scored sklearn__20ng__k100__i10__t8__r1: r2=0.5308 coherence=0.1351
scored sklearn__20ng__k100__i2__t1__r1: r2=0.3670 coherence=0.1222
scored sklearn__20ng__k100__i25__t1__r1: r2=0.5365 coherence=0.1236
scored sklearn__20ng__k100__i5__t1__r1: r2=0.5205 coherence=0.1341
scored sklearn__ap__k100__i1__t1__r1: r2=0.0705 coherence=0.0647
scored sklearn__ap__k100__i1__t1__r2: r2=0.0706 coherence=0.0658
scored sklearn__ap__k100__i1__t1__r3: r2=0.0695 coherence=0.0655
scored sklearn__ap__k100__i10__t1__r1: r2=0.1601 coherence=0.1177
scored sklearn__ap__k100__i10__t1__r2: r2=0.1582 coherence=0.1182
scored sklearn__ap__k100__i10__t1__r3: r2=0.1590 coherence=0.1314
scored sklearn__ap__k100__i10__t12__r1: r2=0.1588 coherence=0.1201
scored sklearn__ap__k100__i10__t12__r2: r2=0.1594 coherence=0.1284
scored sklearn__ap__k100__i10__t12__r3: r2=0.1572 coherence=0.1347
scored sklearn__ap__k100__i10__t2__r1: r2=0.1590 coherence=0.1359
scored sklearn__ap__k100__i10__t2__r2: r2=0.1601 coherence=0.1129
scored sklearn__ap__k100__i10__t2__r3: r2=0.1576 coherence=0.1375
scored sklearn__ap__k100__i10__t4__r1: r2=0.1591 coherence=0.1231
scored sklearn__ap__k100__i10__t4__r2: r2=0.1591 coherence=0.1255
scored sklearn__ap__k100__i10__t4__r3: r2=0.1559 coherence=0.1197
scored sklearn__ap__k100__i10__t8__r1: r2=0.1605 coherence=0.1358
scored sklearn__ap__k100__i10__t8__r2: r2=0.1606 coherence=0.1376
scored sklearn__ap__k100__i10__t8__r3: r2=0.1606 coherence=0.1223
scored sklearn__ap__k100__i2__t1__r1: r2=0.1117 coherence=0.0863
scored sklearn__ap__k100__i2__t1__r2: r2=0.1117 coherence=0.0845
scored sklearn__ap__k100__i2__t1__r3: r2=0.1090 coherence=0.0839
scored sklearn__ap__k100__i25__t1__r1: r2=0.1663 coherence=0.1208
scored sklearn__ap__k100__i25__t1__r2: r2=0.1654 coherence=0.1325
scored sklearn__ap__k100__i25__t1__r3: r2=0.1687 coherence=0.1383
scored sklearn__ap__k100__i5__t1__r1: r2=0.1467 coherence=0.1069
scored sklearn__ap__k100__i5__t1__r2: r2=0.1449 coherence=0.1008
scored sklearn__ap__k100__i5__t1__r3: r2=0.1438 coherence=0.1107
scored sklearn__ap__k200__i10__t1__r1: r2=0.1955 coherence=0.1157
scored sklearn__ap__k25__i10__t1__r1: r2=0.1120 coherence=0.1582
scored sklearn__ap__k50__i10__t1__r1: r2=0.1346 coherence=0.1600
scored text2vec__20ng__k100__i100__t1__r1: r2=0.5168 coherence=0.1411
scored text2vec__20ng__k100__i20__t1__r1: r2=0.4277 coherence=0.1269
scored text2vec__20ng__k100__i200__t1__r1: r2=0.5316 coherence=0.1462
scored text2vec__20ng__k100__i200__t12__r1: r2=0.5316 coherence=0.1462
scored text2vec__20ng__k100__i200__t2__r1: r2=0.5316 coherence=0.1462
scored text2vec__20ng__k100__i200__t4__r1: r2=0.5316 coherence=0.1462
scored text2vec__20ng__k100__i200__t8__r1: r2=0.5316 coherence=0.1462
scored text2vec__20ng__k100__i50__t1__r1: r2=0.4894 coherence=0.1338
scored text2vec__20ng__k100__i500__t1__r1: r2=0.5424 coherence=0.1590
scored text2vec__ap__k100__i100__t1__r1: r2=0.1869 coherence=0.1236
scored text2vec__ap__k100__i100__t1__r2: r2=0.1909 coherence=0.1302
scored text2vec__ap__k100__i100__t1__r3: r2=0.1860 coherence=0.1213
scored text2vec__ap__k100__i20__t1__r1: r2=0.1037 coherence=0.0830
scored text2vec__ap__k100__i20__t1__r2: r2=0.1044 coherence=0.0842
scored text2vec__ap__k100__i20__t1__r3: r2=0.1061 coherence=0.0807
scored text2vec__ap__k100__i200__t1__r1: r2=0.2083 coherence=0.1421
scored text2vec__ap__k100__i200__t1__r2: r2=0.2079 coherence=0.1446
scored text2vec__ap__k100__i200__t1__r3: r2=0.2071 coherence=0.1349
scored text2vec__ap__k100__i200__t12__r1: r2=0.2083 coherence=0.1421
scored text2vec__ap__k100__i200__t12__r2: r2=0.2079 coherence=0.1446
scored text2vec__ap__k100__i200__t12__r3: r2=0.2071 coherence=0.1349
scored text2vec__ap__k100__i200__t2__r1: r2=0.2083 coherence=0.1421
scored text2vec__ap__k100__i200__t2__r2: r2=0.2079 coherence=0.1446
scored text2vec__ap__k100__i200__t2__r3: r2=0.2071 coherence=0.1349
scored text2vec__ap__k100__i200__t4__r1: r2=0.2083 coherence=0.1421
scored text2vec__ap__k100__i200__t4__r2: r2=0.2079 coherence=0.1446
scored text2vec__ap__k100__i200__t4__r3: r2=0.2071 coherence=0.1349
scored text2vec__ap__k100__i200__t8__r1: r2=0.2083 coherence=0.1421
scored text2vec__ap__k100__i200__t8__r2: r2=0.2079 coherence=0.1446
scored text2vec__ap__k100__i200__t8__r3: r2=0.2071 coherence=0.1349
scored text2vec__ap__k100__i50__t1__r1: r2=0.1573 coherence=0.1134
scored text2vec__ap__k100__i50__t1__r2: r2=0.1632 coherence=0.1191
scored text2vec__ap__k100__i50__t1__r3: r2=0.1572 coherence=0.0989
scored text2vec__ap__k100__i500__t1__r1: r2=0.2262 coherence=0.1508
scored text2vec__ap__k100__i500__t1__r2: r2=0.2248 coherence=0.1554
scored text2vec__ap__k100__i500__t1__r3: r2=0.2229 coherence=0.1462
scored text2vec__ap__k200__i200__t1__r1: r2=0.2569 coherence=0.1309
scored text2vec__ap__k25__i200__t1__r1: r2=0.1244 coherence=0.1563
scored text2vec__ap__k50__i200__t1__r1: r2=0.1568 coherence=0.1459
scored textmineR__20ng__k100__i100__t1__r1: r2=0.5419 coherence=0.1571
scored textmineR__20ng__k100__i20__t1__r1: r2=0.5148 coherence=0.1429
scored textmineR__20ng__k100__i200__t1__r1: r2=0.5481 coherence=0.1618
scored textmineR__20ng__k100__i200__t12__r1: r2=0.5481 coherence=0.1618
scored textmineR__20ng__k100__i200__t2__r1: r2=0.5481 coherence=0.1618
scored textmineR__20ng__k100__i200__t4__r1: r2=0.5481 coherence=0.1618
scored textmineR__20ng__k100__i200__t8__r1: r2=0.5481 coherence=0.1618
scored textmineR__20ng__k100__i50__t1__r1: r2=0.5323 coherence=0.1540
scored textmineR__20ng__k100__i500__t1__r1: r2=0.5530 coherence=0.1616
scored textmineR__ap__k100__i100__t1__r1: r2=0.2279 coherence=0.1568
scored textmineR__ap__k100__i100__t1__r2: r2=0.2320 coherence=0.1561
scored textmineR__ap__k100__i100__t1__r3: r2=0.2269 coherence=0.1572
scored textmineR__ap__k100__i20__t1__r1: r2=0.1853 coherence=0.1393
scored textmineR__ap__k100__i20__t1__r2: r2=0.1810 coherence=0.1221
scored textmineR__ap__k100__i20__t1__r3: r2=0.1808 coherence=0.1263
scored textmineR__ap__k100__i200__t1__r1: r2=0.2315 coherence=0.1608
scored textmineR__ap__k100__i200__t1__r2: r2=0.2345 coherence=0.1604
scored textmineR__ap__k100__i200__t1__r3: r2=0.2321 coherence=0.1650
scored textmineR__ap__k100__i200__t12__r1: r2=0.2315 coherence=0.1608
scored textmineR__ap__k100__i200__t12__r2: r2=0.2345 coherence=0.1604
scored textmineR__ap__k100__i200__t12__r3: r2=0.2321 coherence=0.1650
scored textmineR__ap__k100__i200__t2__r1: r2=0.2315 coherence=0.1608
scored textmineR__ap__k100__i200__t2__r2: r2=0.2345 coherence=0.1604
scored textmineR__ap__k100__i200__t2__r3: r2=0.2321 coherence=0.1650
scored textmineR__ap__k100__i200__t4__r1: r2=0.2315 coherence=0.1608
scored textmineR__ap__k100__i200__t4__r2: r2=0.2345 coherence=0.1604
scored textmineR__ap__k100__i200__t4__r3: r2=0.2321 coherence=0.1650
scored textmineR__ap__k100__i200__t8__r1: r2=0.2315 coherence=0.1608
scored textmineR__ap__k100__i200__t8__r2: r2=0.2345 coherence=0.1604
scored textmineR__ap__k100__i200__t8__r3: r2=0.2321 coherence=0.1650
scored textmineR__ap__k100__i50__t1__r1: r2=0.2185 coherence=0.1517
scored textmineR__ap__k100__i50__t1__r2: r2=0.2224 coherence=0.1479
scored textmineR__ap__k100__i50__t1__r3: r2=0.2156 coherence=0.1515
scored textmineR__ap__k100__i500__t1__r1: r2=0.2342 coherence=0.1596
scored textmineR__ap__k100__i500__t1__r2: r2=0.2373 coherence=0.1630
scored textmineR__ap__k100__i500__t1__r3: r2=0.2363 coherence=0.1673
scored textmineR__ap__k200__i200__t1__r1: r2=0.2917 coherence=0.1541
scored textmineR__ap__k25__i200__t1__r1: r2=0.1277 coherence=0.1530
scored textmineR__ap__k50__i200__t1__r1: r2=0.1805 coherence=0.1717
scored tidylda__20ng__k100__i100__t1__r1: r2=0.5044 coherence=0.1263
scored tidylda__20ng__k100__i20__t1__r1: r2=0.3499 coherence=0.0931
scored tidylda__20ng__k100__i200__t1__r1: r2=0.5285 coherence=0.1397
scored tidylda__20ng__k100__i200__t12__r1: r2=0.5285 coherence=0.1397
scored tidylda__20ng__k100__i200__t2__r1: r2=0.5285 coherence=0.1397
scored tidylda__20ng__k100__i200__t4__r1: r2=0.5285 coherence=0.1397
scored tidylda__20ng__k100__i200__t8__r1: r2=0.5285 coherence=0.1397
scored tidylda__20ng__k100__i50__t1__r1: r2=0.4622 coherence=0.1164
scored tidylda__20ng__k100__i500__t1__r1: r2=0.5458 coherence=0.1517
scored tidylda__ap__k100__i100__t1__r1: r2=0.1811 coherence=0.1212
scored tidylda__ap__k100__i100__t1__r2: r2=0.1819 coherence=0.1223
scored tidylda__ap__k100__i100__t1__r3: r2=0.1810 coherence=0.1157
scored tidylda__ap__k100__i20__t1__r1: r2=0.0704 coherence=0.0486
scored tidylda__ap__k100__i20__t1__r2: r2=0.0663 coherence=0.0518
scored tidylda__ap__k100__i20__t1__r3: r2=0.0700 coherence=0.0610
scored tidylda__ap__k100__i200__t1__r1: r2=0.2055 coherence=0.1383
scored tidylda__ap__k100__i200__t1__r2: r2=0.2079 coherence=0.1400
scored tidylda__ap__k100__i200__t1__r3: r2=0.2075 coherence=0.1343
scored tidylda__ap__k100__i200__t12__r1: r2=0.2055 coherence=0.1383
scored tidylda__ap__k100__i200__t12__r2: r2=0.2079 coherence=0.1400
scored tidylda__ap__k100__i200__t12__r3: r2=0.2075 coherence=0.1343
scored tidylda__ap__k100__i200__t2__r1: r2=0.2055 coherence=0.1383
scored tidylda__ap__k100__i200__t2__r2: r2=0.2079 coherence=0.1400
scored tidylda__ap__k100__i200__t2__r3: r2=0.2075 coherence=0.1343
scored tidylda__ap__k100__i200__t4__r1: r2=0.2055 coherence=0.1383
scored tidylda__ap__k100__i200__t4__r2: r2=0.2079 coherence=0.1400
scored tidylda__ap__k100__i200__t4__r3: r2=0.2075 coherence=0.1343
scored tidylda__ap__k100__i200__t8__r1: r2=0.2055 coherence=0.1383
scored tidylda__ap__k100__i200__t8__r2: r2=0.2079 coherence=0.1400
scored tidylda__ap__k100__i200__t8__r3: r2=0.2075 coherence=0.1343
scored tidylda__ap__k100__i50__t1__r1: r2=0.1360 coherence=0.0964
scored tidylda__ap__k100__i50__t1__r2: r2=0.1336 coherence=0.0930
scored tidylda__ap__k100__i50__t1__r3: r2=0.1364 coherence=0.0963
scored tidylda__ap__k100__i500__t1__r1: r2=0.2215 coherence=0.1526
scored tidylda__ap__k100__i500__t1__r2: r2=0.2257 coherence=0.1591
scored tidylda__ap__k100__i500__t1__r3: r2=0.2229 coherence=0.1482
scored tidylda__ap__k200__i200__t1__r1: r2=0.2502 coherence=0.1285
scored tidylda__ap__k25__i200__t1__r1: r2=0.1182 coherence=0.1461
scored tidylda__ap__k50__i200__t1__r1: r2=0.1582 coherence=0.1440
scored tomotopy__20ng__k100__i100__t1__r1: r2=0.5746 coherence=0.1673
scored tomotopy__20ng__k100__i20__t1__r1: r2=0.5329 coherence=0.1494
scored tomotopy__20ng__k100__i200__t1__r1: r2=0.5810 coherence=0.1759
scored tomotopy__20ng__k100__i200__t12__r1: r2=0.5810 coherence=0.1714
scored tomotopy__20ng__k100__i200__t2__r1: r2=0.5674 coherence=0.1618
scored tomotopy__20ng__k100__i200__t4__r1: r2=0.5643 coherence=0.1732
scored tomotopy__20ng__k100__i200__t8__r1: r2=0.5527 coherence=0.1592
scored tomotopy__20ng__k100__i50__t1__r1: r2=0.5647 coherence=0.1580
scored tomotopy__20ng__k100__i500__t1__r1: r2=0.5900 coherence=0.1780
scored tomotopy__ap__k100__i100__t1__r1: r2=0.2236 coherence=0.1749
scored tomotopy__ap__k100__i100__t1__r2: r2=0.2248 coherence=0.1705
scored tomotopy__ap__k100__i100__t1__r3: r2=0.2251 coherence=0.1595
scored tomotopy__ap__k100__i20__t1__r1: r2=0.1800 coherence=0.1268
scored tomotopy__ap__k100__i20__t1__r2: r2=0.1790 coherence=0.1310
scored tomotopy__ap__k100__i20__t1__r3: r2=0.1841 coherence=0.1248
scored tomotopy__ap__k100__i200__t1__r1: r2=0.2284 coherence=0.1777
scored tomotopy__ap__k100__i200__t1__r2: r2=0.2254 coherence=0.1729
scored tomotopy__ap__k100__i200__t1__r3: r2=0.2271 coherence=0.1662
scored tomotopy__ap__k100__i200__t12__r1: r2=0.2323 coherence=0.1828
scored tomotopy__ap__k100__i200__t12__r2: r2=0.2239 coherence=0.1712
scored tomotopy__ap__k100__i200__t12__r3: r2=0.2266 coherence=0.1783
scored tomotopy__ap__k100__i200__t2__r1: r2=0.2260 coherence=0.1776
scored tomotopy__ap__k100__i200__t2__r2: r2=0.2272 coherence=0.1736
scored tomotopy__ap__k100__i200__t2__r3: r2=0.2232 coherence=0.1724
scored tomotopy__ap__k100__i200__t4__r1: r2=0.2247 coherence=0.1681
scored tomotopy__ap__k100__i200__t4__r2: r2=0.2285 coherence=0.1865
scored tomotopy__ap__k100__i200__t4__r3: r2=0.2288 coherence=0.1718
scored tomotopy__ap__k100__i200__t8__r1: r2=0.2262 coherence=0.1780
scored tomotopy__ap__k100__i200__t8__r2: r2=0.2243 coherence=0.1707
scored tomotopy__ap__k100__i200__t8__r3: r2=0.2342 coherence=0.1890
scored tomotopy__ap__k100__i50__t1__r1: r2=0.2146 coherence=0.1536
scored tomotopy__ap__k100__i50__t1__r2: r2=0.2175 coherence=0.1517
scored tomotopy__ap__k100__i50__t1__r3: r2=0.2171 coherence=0.1558
scored tomotopy__ap__k100__i500__t1__r1: r2=0.2296 coherence=0.1830
scored tomotopy__ap__k100__i500__t1__r2: r2=0.2295 coherence=0.1854
scored tomotopy__ap__k100__i500__t1__r3: r2=0.2326 coherence=0.1778
scored tomotopy__ap__k200__i200__t1__r1: r2=0.2784 coherence=0.1781
scored tomotopy__ap__k25__i200__t1__r1: r2=0.1300 coherence=0.1498
scored tomotopy__ap__k50__i200__t1__r1: r2=0.1742 coherence=0.1683
scored topicmodels-gibbs__20ng__k100__i100__t1__r1: r2=0.5345 coherence=0.1592
scored topicmodels-gibbs__20ng__k100__i20__t1__r1: r2=0.5133 coherence=0.1438
scored topicmodels-gibbs__20ng__k100__i200__t1__r1: r2=0.5420 coherence=0.1599
scored topicmodels-gibbs__20ng__k100__i50__t1__r1: r2=0.5250 coherence=0.1600
scored topicmodels-gibbs__20ng__k100__i500__t1__r1: r2=0.5420 coherence=0.1599
scored topicmodels-gibbs__ap__k100__i100__t1__r1: r2=0.2248 coherence=0.1569
scored topicmodels-gibbs__ap__k100__i100__t1__r2: r2=0.2306 coherence=0.1594
scored topicmodels-gibbs__ap__k100__i100__t1__r3: r2=0.2267 coherence=0.1459
scored topicmodels-gibbs__ap__k100__i20__t1__r1: r2=0.1835 coherence=0.1200
scored topicmodels-gibbs__ap__k100__i20__t1__r2: r2=0.1816 coherence=0.1275
scored topicmodels-gibbs__ap__k100__i20__t1__r3: r2=0.1812 coherence=0.1217
scored topicmodels-gibbs__ap__k100__i200__t1__r1: r2=0.2284 coherence=0.1552
scored topicmodels-gibbs__ap__k100__i200__t1__r2: r2=0.2351 coherence=0.1693
scored topicmodels-gibbs__ap__k100__i200__t1__r3: r2=0.2331 coherence=0.1601
scored topicmodels-gibbs__ap__k100__i50__t1__r1: r2=0.2165 coherence=0.1463
scored topicmodels-gibbs__ap__k100__i50__t1__r2: r2=0.2204 coherence=0.1569
scored topicmodels-gibbs__ap__k100__i50__t1__r3: r2=0.2155 coherence=0.1404
scored topicmodels-gibbs__ap__k100__i500__t1__r1: r2=0.2311 coherence=0.1623
scored topicmodels-gibbs__ap__k100__i500__t1__r2: r2=0.2390 coherence=0.1765
scored topicmodels-gibbs__ap__k100__i500__t1__r3: r2=0.2354 coherence=0.1628
scored topicmodels-gibbs__ap__k200__i200__t1__r1: r2=0.2806 coherence=0.1523
scored topicmodels-gibbs__ap__k25__i200__t1__r1: r2=0.1288 coherence=0.1475
scored topicmodels-gibbs__ap__k50__i200__t1__r1: r2=0.1740 coherence=0.1607
scored topicmodels-vem__20ng__k100__i1__t1__r1: r2=0.1368 coherence=0.0937
scored topicmodels-vem__20ng__k100__i10__t1__r1: r2=0.5445 coherence=0.1574
scored topicmodels-vem__20ng__k100__i2__t1__r1: r2=0.3505 coherence=0.1228
scored topicmodels-vem__20ng__k100__i25__t1__r1: r2=0.5499 coherence=0.1594
scored topicmodels-vem__20ng__k100__i5__t1__r1: r2=0.5220 coherence=0.1443
scored topicmodels-vem__ap__k100__i1__t1__r1: r2=0.0709 coherence=0.0670
scored topicmodels-vem__ap__k100__i1__t1__r2: r2=0.0668 coherence=0.0621
scored topicmodels-vem__ap__k100__i1__t1__r3: r2=0.0668 coherence=0.0621
scored topicmodels-vem__ap__k100__i10__t1__r1: r2=0.1694 coherence=0.1188
scored topicmodels-vem__ap__k100__i10__t1__r2: r2=0.1670 coherence=0.1298
scored topicmodels-vem__ap__k100__i10__t1__r3: r2=0.1670 coherence=0.1298
scored topicmodels-vem__ap__k100__i2__t1__r1: r2=0.1213 coherence=0.0863
scored topicmodels-vem__ap__k100__i2__t1__r2: r2=0.1158 coherence=0.0890
scored topicmodels-vem__ap__k100__i2__t1__r3: r2=0.1158 coherence=0.0890
scored topicmodels-vem__ap__k100__i25__t1__r1: r2=0.1799 coherence=0.1340
scored topicmodels-vem__ap__k100__i25__t1__r2: r2=0.1744 coherence=0.1357
scored topicmodels-vem__ap__k100__i25__t1__r3: r2=0.1744 coherence=0.1357
scored topicmodels-vem__ap__k100__i5__t1__r1: r2=0.1588 coherence=0.1085
scored topicmodels-vem__ap__k100__i5__t1__r2: r2=0.1582 coherence=0.1200
scored topicmodels-vem__ap__k100__i5__t1__r3: r2=0.1582 coherence=0.1200
scored topicmodels-vem__ap__k200__i10__t1__r1: r2=0.2236 coherence=0.1098
scored topicmodels-vem__ap__k25__i10__t1__r1: r2=0.1096 coherence=0.1175
scored topicmodels-vem__ap__k50__i10__t1__r1: r2=0.1459 coherence=0.1435

wrote /home/tommy/lda-benchmarks/results/runs.csv (352 runs)
